ESP-ROM:esp32s3-20210327
Build:Mar 27 2021
rst:0x1 (POWERON),boot:0x4 (SPI_FLASH_BOOT)
SPIWP:0xee
mode:DIO, clock div:2
load:0x3fce2820,len:0x158c
load:0x403c8700,len:0xd24
load:0x403cb700,len:0x2f34
entry 0x403c8924
I (39) boot: ESP-IDF v5.5.1-838-gd66ebb86d2e 2nd stage bootloader
I (39) boot: compile time Nov 26 2025 12:27:56
I (39) boot: Multicore bootloader
I (44) boot: chip revision: v0.0
I (44) boot: efuse block revision: v0.0
I (44) boot.esp32s3: Boot SPI Speed : 40MHz
I (44) boot.esp32s3: SPI Mode       : SLOW READ
I (44) boot.esp32s3: SPI Flash Size : 4MB
I (44) boot: Enabling RNG early entropy source...
I (47) boot: Partition Table:
I (47) boot: ## Label            Usage          Type ST Offset   Length
I (47) boot:  0 nvs              WiFi data        01 02 00009000 00006000
I (47) boot:  1 phy_init         RF data          01 01 0000f000 00001000
I (47) boot:  2 factory          factory app      00 00 00010000 003f0000
I (47) boot: End of partition table
I (48) esp_image: segment 0: paddr=00010020 vaddr=3c000020 size=0f6b8h ( 63160) map
I (75) esp_image: segment 1: paddr=0001f6e0 vaddr=3fc894ac size=003cch (   972) load
I (93) esp_image: segment 2: paddr=0001fab4 vaddr=40378000 size=00564h (  1380) load
I (99) esp_image: segment 3: paddr=00020020 vaddr=42010020 size=2e2f8h (189176) map
I (126) esp_image: segment 4: paddr=0004e320 vaddr=40378564 size=00f48h (  3912) load
I (144) boot: Loaded app from partition at offset 0x10000
I (144) boot: Disabling RNG early entropy source...
esp-hal init SKIPPED (qemu feature: PLL cal_done poll hangs in emulator)
PSRAM init SKIPPED (qemu feature: no PSRAM in emulator)
boot: CpuClock reports 240 MHz
boot profile OK: 240 MHz / QPI 80 MHz / 64 KB x 64 B cache
watchdog ARMED (safe default)
ccount calibration BYPASSED (qemu feature: -icount timer skew)
| row | tier | cycles(min/med) | ms@240MHz(min/med) | wall-ms(min/med) | col1 x100 | col2 x100 | col3 x100 | bar(ms) |
| conv_s8 8x8,64x3x3x3 (ember-esp-nn) | SRAM | 22720033/23720033 | 94/98 | 0/0 | col1=Some(100) | col2=None | col3=None |
| depthwise_conv_s8 18x18,1x3x3x16 (ember-esp-nn) | SRAM | 16057231/16057231 | 66/66 | 0/0 | col1=Some(100) | col2=None | col3=None |
| fc_s8 271row,3out (ember-esp-nn) | SRAM | 55483/55483 | 0/0 | 0/0 | col1=Some(100) | col2=None | col3=None |
| conv1x1_s8 64x1x1x64 (ember-esp-nn 15.57x bar) | SRAM | 389918/389919 | 1/1 | 0/0 | col1=Some(100) | col2=None | col3=None |
PANIC: panicked at hematite-benchmarks/src/firmware.rs:373:19:
arena too small for spec 'conv_s8 224x224x3->32 (ESP-DL/MobileNetV2 first layer)'
