ESP-ROM:esp32s3-20210327
Build:Mar 27 2021
rst:0x1 (POWERON),boot:0x4 (SPI_FLASH_BOOT)
SPIWP:0xee
mode:DIO, clock div:2
load:0x3fce2820,len:0x158c
load:0x403c8700,len:0xd24
load:0x403cb700,len:0x2f34
entry 0x403c8924
I (39) boot: ESP-IDF v5.5.1-838-gd66ebb86d2e 2nd stage bootloader
I (39) boot: compile time Nov 26 2025 12:27:56
I (39) boot: Multicore bootloader
I (44) boot: chip revision: v0.0
I (44) boot: efuse block revision: v0.0
I (44) boot.esp32s3: Boot SPI Speed : 40MHz
I (44) boot.esp32s3: SPI Mode       : SLOW READ
I (44) boot.esp32s3: SPI Flash Size : 4MB
I (44) boot: Enabling RNG early entropy source...
I (47) boot: Partition Table:
I (47) boot: ## Label            Usage          Type ST Offset   Length
I (47) boot:  0 nvs              WiFi data        01 02 00009000 00006000
I (47) boot:  1 phy_init         RF data          01 01 0000f000 00001000
I (47) boot:  2 factory          factory app      00 00 00010000 003f0000
I (47) boot: End of partition table
I (48) esp_image: segment 0: paddr=00010020 vaddr=3c000020 size=000c8h (   200) map
I (49) esp_image: segment 1: paddr=000100f0 vaddr=3fc88000 size=002b8h (   696) load
I (49) esp_image: segment 2: paddr=000103b0 vaddr=00000000 size=0fc68h ( 64616) 
I (94) esp_image: segment 3: paddr=00020020 vaddr=42000020 size=00f60h (  3936) map
I (98) boot: Loaded app from partition at offset 0x10000
I (98) boot: Disabling RNG early entropy source...

=== Hematite C QEMU baseline (tools/qemu-baseline) ===
LABEL: QEMU emulation smoke - these are NOT hardware measurements
Clock: Xtensa CCOUNT under QEMU (-icount 3); ms@240MHz is the
       arithmetic conversion cycles*1000/240000000 (integer)
boot_marker (.data copy check)=0x0badc0de


== conv_s8 8x8, 64x3x3x3 (ember-esp-nn) ==
  QEMU-EMULATION | N=10 timed + 1 untimed warm-up
  min    cycles=0x000b4007 us@240MHz=3072 ms@240MHz=3
  median cycles=0x000f1097 us@240MHz=4113 ms@240MHz=4
  out_checksum(fnv1a)=0xcc7be479

== depthwise_conv_s8 18x18, 1x3x3x16 (ember-esp-nn) ==
  QEMU-EMULATION | N=10 timed + 1 untimed warm-up
  min    cycles=0x0008bb70 us@240MHz=2384 ms@240MHz=2
  median cycles=0x000c8c00 us@240MHz=3426 ms@240MHz=3
  out_checksum(fnv1a)=0x49f763d2

== fc_s8 271->3 (ember-esp-nn) ==
  QEMU-EMULATION | N=10 timed + 1 untimed warm-up
  min    cycles=0x00000979 us@240MHz=10 ms@240MHz=0
  median cycles=0x00000979 us@240MHz=10 ms@240MHz=0
  out_checksum(fnv1a)=0xc87e9c19

== conv1x1_s8 64x1x1x64 (ember-esp-nn 15.57x bar) ==
  QEMU-EMULATION | N=10 timed + 1 untimed warm-up
  min    cycles=0x000039ca us@240MHz=61 ms@240MHz=0
  median cycles=0x000039ca us@240MHz=61 ms@240MHz=0
  out_checksum(fnv1a)=0x272a7025

=== benchmark complete - QEMU halt ===
