ESP-ROM:esp32s3-20210327
Build:Mar 27 2021
rst:0x1 (POWERON),boot:0x4 (SPI_FLASH_BOOT)
SPIWP:0xee
mode:DIO, clock div:2
load:0x3fce2820,len:0x158c
load:0x403c8700,len:0xd24
load:0x403cb700,len:0x2f34
entry 0x403c8924
I (39) boot: ESP-IDF v5.5.1-838-gd66ebb86d2e 2nd stage bootloader
I (39) boot: compile time Nov 26 2025 12:27:56
I (39) boot: Multicore bootloader
I (44) boot: chip revision: v0.0
I (44) boot: efuse block revision: v0.0
I (44) boot.esp32s3: Boot SPI Speed : 40MHz
I (44) boot.esp32s3: SPI Mode       : SLOW READ
I (44) boot.esp32s3: SPI Flash Size : 4MB
I (44) boot: Enabling RNG early entropy source...
I (47) boot: Partition Table:
I (47) boot: ## Label            Usage          Type ST Offset   Length
I (47) boot:  0 nvs              WiFi data        01 02 00009000 00006000
I (47) boot:  1 phy_init         RF data          01 01 0000f000 00001000
I (47) boot:  2 factory          factory app      00 00 00010000 003f0000
I (47) boot: End of partition table
I (48) esp_image: segment 0: paddr=00010020 vaddr=3c000020 size=922ech (598764) map
I (81) esp_image: segment 1: paddr=000a2314 vaddr=3fc8a95c size=007d0h (  2000) load
I (95) esp_image: segment 2: paddr=000a2aec vaddr=40378000 size=01608h (  5640) load
I (98) esp_image: segment 3: paddr=000a40fc vaddr=00000000 size=0bf1ch ( 48924) 
I (125) esp_image: segment 4: paddr=000b0020 vaddr=420a0020 size=10c54h ( 68692) map
I (147) boot: Loaded app from partition at offset 0x10000
I (147) boot: Disabling RNG early entropy source...
esp-hal init SKIPPED (qemu feature: PLL cal_done poll hangs in emulator)
PSRAM init SKIPPED (qemu feature: no PSRAM in emulator)
boot: CpuClock reports 240 MHz
boot profile OK: 240 MHz / QPI 80 MHz / 64 KB x 64 B cache
watchdog ARMED (safe default)
ccount calibration BYPASSED (qemu feature: -icount timer skew)
=== MODEL VALIDATION (executed-TFLite goldens) ===
model sine: PASS (fnv=0x050c5d1f)
model hello_world_int8: PASS (fnv=0x010c56d3)
model kws_micro_speech_int8: PASS (fnv=0xbb84c615)
model anomaly_detect_int8: PASS (fnv=0xf2a76cd6)
model person_detect_int8: FAIL at idx 0: got=127 want=120 (fnv=0xef5a8bca)
model mobilenet_v2_1.0_224_int8: SKIP (needs PSRAM; not present under QEMU)
=== MODEL VALIDATION DONE ===
=== SIMD CORRECTNESS (elementwise + pool, vs hematite-ref) ===
DBG isolation round: avg_pool only
DBG about to call avg_pool_2d_simd
